apiVersion: v1
kind: Namespace
metadata:
  annotations: {}
  labels:
    monitoring.syn.tools/system: 'true'
    name: syn-local-path-provisioner
    pod-security.kubernetes.io/enforce: privileged
  name: syn-local-path-provisioner
