apiVersion: rbac.authorization.k8s.io/v1
kind: ClusterRoleBinding
metadata:
  labels:
    app.kubernetes.io/instance: local-path-provisioner
    app.kubernetes.io/managed-by: Helm
    app.kubernetes.io/name: local-path-provisioner
    app.kubernetes.io/version: v0.0.24
    helm.sh/chart: local-path-provisioner-0.0.24
  name: local-path-provisioner
roleRef:
  apiGroup: rbac.authorization.k8s.io
  kind: ClusterRole
  name: local-path-provisioner
subjects:
  - kind: ServiceAccount
    name: local-path-provisioner
    namespace: syn-local-path-provisioner
