apiVersion: v1
data:
  config.json: |-
    {
      "nodePathMap": [
        {
          "node": "DEFAULT_PATH_FOR_NON_LISTED_NODES",
          "paths": [
            "/var/lib/local-storage"
          ]
        }
      ]
    }
  helperPod.yaml: |-
    apiVersion: v1
    kind: Pod
    metadata:
      name: helper-pod
    spec:
      containers:
        - name: helper-pod
          image: busybox:latest
          imagePullPolicy: IfNotPresent
  setup: |2-

    #!/bin/sh
    set -eu
    mkdir -m 0777 -p "$VOL_DIR"
  teardown: |2-

    #!/bin/sh
    set -eu
    rm -rf "$VOL_DIR"
kind: ConfigMap
metadata:
  labels:
    app.kubernetes.io/instance: local-path-provisioner
    app.kubernetes.io/managed-by: Helm
    app.kubernetes.io/name: local-path-provisioner
    app.kubernetes.io/version: v0.0.24
    helm.sh/chart: local-path-provisioner-0.0.24
  name: local-path-config
