allowVolumeExpansion: true
apiVersion: storage.k8s.io/v1
kind: StorageClass
metadata:
  labels:
    app.kubernetes.io/instance: local-path-provisioner
    app.kubernetes.io/managed-by: Helm
    app.kubernetes.io/name: local-path-provisioner
    app.kubernetes.io/version: v0.0.24
    helm.sh/chart: local-path-provisioner-0.0.24
  name: local-path
provisioner: cluster.local/local-path-provisioner
reclaimPolicy: Delete
volumeBindingMode: WaitForFirstConsumer
